// Jest Snapshot v1, https://goo.gl/fbAQLP

exports[`Footer Component should be a footer 1`] = `
"
      <section>
        Footer!
      </section>"
`;
